// Jest Snapshot v1, https://goo.gl/fbAQLP

exports[`Should MainPage component render correctly 1`] = `
Array [
  <ul>
    <li>
      <div
        onClick={[Function]}
        onKeyDown={[Function]}
        role="button"
        tabIndex={0}
      >
        default
      </div>
    </li>
    <li>
      <div
        onClick={[Function]}
        onKeyDown={[Function]}
        role="button"
        tabIndex={0}
      >
        caught
      </div>
    </li>
  </ul>,
  <div>
    <div>
      <a
        href="/1"
        onClick={[Function]}
      >
        bulbasaur
      </a>
    </div>
    <div>
      <a
        href="/2"
        onClick={[Function]}
      >
        ivysaur
      </a>
    </div>
    <div>
      <a
        href="/3"
        onClick={[Function]}
      >
        venusaur
      </a>
    </div>
    <div>
      <a
        href="/4"
        onClick={[Function]}
      >
        charmander
      </a>
    </div>
    <div>
      <a
        href="/5"
        onClick={[Function]}
      >
        charmeleon
      </a>
    </div>
    <div>
      <a
        href="/6"
        onClick={[Function]}
      >
        charizard
      </a>
    </div>
    <div>
      <a
        href="/7"
        onClick={[Function]}
      >
        squirtle
      </a>
    </div>
    <div>
      <a
        href="/8"
        onClick={[Function]}
      >
        wartortle
      </a>
    </div>
    <div>
      <a
        href="/9"
        onClick={[Function]}
      >
        blastoise
      </a>
    </div>
    <div>
      <a
        href="/10"
        onClick={[Function]}
      >
        caterpie
      </a>
    </div>
    <div>
      <a
        href="/11"
        onClick={[Function]}
      >
        metapod
      </a>
    </div>
    <div>
      <a
        href="/12"
        onClick={[Function]}
      >
        butterfree
      </a>
    </div>
    <div>
      <a
        href="/13"
        onClick={[Function]}
      >
        weedle
      </a>
    </div>
    <div>
      <a
        href="/14"
        onClick={[Function]}
      >
        kakuna
      </a>
    </div>
    <div>
      <a
        href="/15"
        onClick={[Function]}
      >
        beedrill
      </a>
    </div>
    <div>
      <a
        href="/16"
        onClick={[Function]}
      >
        pidgey
      </a>
    </div>
    <div>
      <a
        href="/17"
        onClick={[Function]}
      >
        pidgeotto
      </a>
    </div>
    <div>
      <a
        href="/18"
        onClick={[Function]}
      >
        pidgeot
      </a>
    </div>
    <div>
      <a
        href="/19"
        onClick={[Function]}
      >
        rattata
      </a>
    </div>
    <div>
      <a
        href="/20"
        onClick={[Function]}
      >
        raticate
      </a>
    </div>
  </div>,
  <div>
    <button
      onClick={[Function]}
      type="button"
    >
      Show more
    </button>
  </div>,
]
`;
